[INFO] Scanning for projects...
[INFO] 
[INFO] ---------------------< com.citu:lexor-interpreter >---------------------
[INFO] Building lexor-interpreter 0.0.1-SNAPSHOT
[INFO]   from pom.xml
[INFO] --------------------------------[ jar ]---------------------------------
[INFO] 
[INFO] --- resources:3.3.1:resources (default-resources) @ lexor-interpreter ---
[INFO] Copying 1 resource from src\main\resources to target\classes
[INFO] Copying 4 resources from src\main\resources to target\classes
[INFO] 
[INFO] --- compiler:3.14.1:compile (default-compile) @ lexor-interpreter ---
[INFO] Nothing to compile - all classes are up to date.
[INFO] 
[INFO] --- resources:3.3.1:testResources (default-testResources) @ lexor-interpreter ---
[INFO] skip non existing resourceDirectory C:\Users\User\Projects\clervinator\src\test\resources
[INFO] 
[INFO] --- compiler:3.14.1:testCompile (default-testCompile) @ lexor-interpreter ---
[INFO] Nothing to compile - all classes are up to date.
[INFO] 
[INFO] --- surefire:3.5.4:test (default-test) @ lexor-interpreter ---
[INFO] Using auto detected provider org.apache.maven.surefire.junitplatform.JUnitPlatformProvider
[INFO] 
[INFO] -------------------------------------------------------
[INFO]  T E S T S
[INFO] -------------------------------------------------------
[INFO] Running com.citu.lexor_interpreter.lexer.LexerTest
[ERROR] Tests run: 8, Failures: 0, Errors: 1, Skipped: 0, Time elapsed: 0.104 s <<< FAILURE! -- in com.citu.lexor_interpreter.lexer.LexerTest
[ERROR] com.citu.lexor_interpreter.lexer.LexerTest.lex_FloatDoubleEdgeCases -- Time elapsed: 0.008 s <<< ERROR!
com.citu.lexor_interpreter.lexer.LexerException: Lexer error at 1:28: Unexpected character '.' (offending lexeme: '.')
	at com.citu.lexor_interpreter.lexer.Lexer.error(Lexer.java:348)
	at com.citu.lexor_interpreter.lexer.Lexer.scanToken(Lexer.java:109)
	at com.citu.lexor_interpreter.lexer.Lexer.lex(Lexer.java:55)
	at com.citu.lexor_interpreter.lexer.LexerTest.lex_FloatDoubleEdgeCases(LexerTest.java:100)

[INFO] 
[INFO] Results:
[INFO] 
[ERROR] Errors: 
[ERROR]   LexerTest.lex_FloatDoubleEdgeCases:100 ╗ Lexer Lexer error at 1:28: Unexpected character '.' (offending lexeme: '.')
[INFO] 
[ERROR] Tests run: 8, Failures: 0, Errors: 1, Skipped: 0
[INFO] 
[INFO] ------------------------------------------------------------------------
[INFO] BUILD FAILURE
[INFO] ------------------------------------------------------------------------
[INFO] Total time:  2.525 s
[INFO] Finished at: 2026-03-25T22:42:25+08:00
[INFO] ------------------------------------------------------------------------
[ERROR] Failed to execute goal org.apache.maven.plugins:maven-surefire-plugin:3.5.4:test (default-test) on project lexor-interpreter: 
[ERROR] 
[ERROR] See C:\Users\User\Projects\clervinator\target\surefire-reports for the individual test results.
[ERROR] See dump files (if any exist) [date].dump, [date]-jvmRun[N].dump and [date].dumpstream.
[ERROR] -> [Help 1]
[ERROR] 
[ERROR] To see the full stack trace of the errors, re-run Maven with the -e switch.
[ERROR] Re-run Maven using the -X switch to enable full debug logging.
[ERROR] 
[ERROR] For more information about the errors and possible solutions, please read the following articles:
[ERROR] [Help 1] http://cwiki.apache.org/confluence/display/MAVEN/MojoFailureException
